Traceback (most recent call last):
  File "/home/runner/work/python_course/python_course/.venv/lib/python3.12/site-packages/jupyter_cache/executors/utils.py", line 58, in single_nb_execution
    executenb(
  File "/home/runner/work/python_course/python_course/.venv/lib/python3.12/site-packages/nbclient/client.py", line 1323, in execute
    return NotebookClient(nb=nb, resources=resources, km=km, **kwargs).execute()
           ^^^^^^^^^^^^^^^^^^^^^^^^^^^^^^^^^^^^^^^^^^^^^^^^^^^^^^^^^^^^^^^^^^^^^
  File "/home/runner/work/python_course/python_course/.venv/lib/python3.12/site-packages/jupyter_core/utils/__init__.py", line 165, in wrapped
    return loop.run_until_complete(inner)
           ^^^^^^^^^^^^^^^^^^^^^^^^^^^^^^
  File "/usr/lib/python3.12/asyncio/base_events.py", line 687, in run_until_complete
    return future.result()
           ^^^^^^^^^^^^^^^
  File "/home/runner/work/python_course/python_course/.venv/lib/python3.12/site-packages/nbclient/client.py", line 709, in async_execute
    await self.async_execute_cell(
  File "/home/runner/work/python_course/python_course/.venv/lib/python3.12/site-packages/nbclient/client.py", line 1062, in async_execute_cell
    await self._check_raise_for_error(cell, cell_index, exec_reply)
  File "/home/runner/work/python_course/python_course/.venv/lib/python3.12/site-packages/nbclient/client.py", line 918, in _check_raise_for_error
    raise CellExecutionError.from_cell_and_msg(cell, exec_reply_content)
nbclient.exceptions.CellExecutionError: An error occurred while executing the following cell:
------------------
import gwrefpy
import pastas

print("gwrefpy version:", gwrefpy.__version__)
print("pastas version:", pastas.__version__)
------------------

----- stdout -----
Failed to extract font properties from /usr/share/fonts/truetype/noto/NotoColorEmoji.ttf: Non-scalable fonts are not supported
----- stdout -----
generated new fontManager
------------------

[31m---------------------------------------------------------------------------[39m
[31mImportError[39m                               Traceback (most recent call last)
[36mCell[39m[36m [39m[32mIn[1][39m[32m, line 2[39m
[32m      1[39m [38;5;28;01mimport[39;00m gwrefpy
[32m----> [39m[32m2[39m [38;5;28;01mimport[39;00m pastas
[32m      3[39m 
[32m      4[39m print([33m"gwrefpy version:"[39m, gwrefpy.__version__)
[32m      5[39m print([33m"pastas version:"[39m, pastas.__version__)

[36mFile [39m[32m~/work/python_course/python_course/.venv/lib/python3.12/site-packages/pastas/__init__.py:40[39m
[32m     27[39m [38;5;28;01mfrom[39;00m[38;5;250m [39m[34;01mpastas[39;00m[34;01m.[39;00m[34;01mrcparams[39;00m[38;5;250m [39m[38;5;28;01mimport[39;00m rcParams
[32m     28[39m [38;5;28;01mfrom[39;00m[38;5;250m [39m[34;01mpastas[39;00m[34;01m.[39;00m[34;01mrfunc[39;00m[38;5;250m [39m[38;5;28;01mimport[39;00m (
[32m     29[39m     DoubleExponential,
[32m     30[39m     Exponential,
[32m   (...)[39m[32m     38[39m     Spline,
[32m     39[39m )
[32m---> [39m[32m40[39m [38;5;28;01mfrom[39;00m[38;5;250m [39m[34;01mpastas[39;00m[34;01m.[39;00m[34;01msolver[39;00m[38;5;250m [39m[38;5;28;01mimport[39;00m objective, timer
[32m     41[39m [38;5;28;01mfrom[39;00m[38;5;250m [39m[34;01mpastas[39;00m[34;01m.[39;00m[34;01msolver[39;00m[34;01m.[39;00m[34;01mtrackers[39;00m[38;5;250m [39m[38;5;28;01mimport[39;00m TrackSolve
[32m     42[39m [38;5;28;01mfrom[39;00m[38;5;250m [39m[34;01mpastas[39;00m[34;01m.[39;00m[34;01mstressmodels[39;00m[38;5;250m [39m[38;5;28;01mimport[39;00m (
[32m     43[39m     ChangeModel,
[32m     44[39m     Constant,
[32m   (...)[39m[32m     50[39m     WellModel,
[32m     51[39m )

[36mFile [39m[32m~/work/python_course/python_course/.venv/lib/python3.12/site-packages/pastas/solver/timer.py:41[39m
[32m     39[39m [38;5;28;01mexcept[39;00m [38;5;167;01mImportError[39;00m:
[32m     40[39m     msg = [33m"[39m[33mSolveTimer requires [39m[33m'[39m[33mtqdm[39m[33m'[39m[33m to be installed.[39m[33m"[39m
[32m---> [39m[32m41[39m     [38;5;28;01mraise[39;00m [38;5;167;01mImportError[39;00m(msg) [38;5;28;01mfrom[39;00m[38;5;250m [39m[38;5;28;01mNone[39;00m
[32m     44[39m [38;5;28;01mclass[39;00m[38;5;250m [39m[34;01mSolveTimer[39;00m(tqdm):
[32m     45[39m [38;5;250m    [39m[33;03m"""Progress indicator for model optimization.[39;00m
[32m     46[39m 
[32m     47[39m [33;03m    Notes[39;00m
[32m   (...)[39m[32m     61[39m [33;03m        Optimization progress: 73it [00:01, 67.68it/s][39;00m
[32m     62[39m [33;03m    """[39;00m

[31mImportError[39m: SolveTimer requires 'tqdm' to be installed.

